Archive member included because of file (symbol)

c:/winavr-20100110/bin/../lib/gcc/avr/4.3.3/avr5\libgcc.a(_udivmodhi4.o)
                              tft-cpp/tft.o (__udivmodhi4)
c:/winavr-20100110/bin/../lib/gcc/avr/4.3.3/avr5\libgcc.a(_divmodhi4.o)
                              tft-cpp/tft.o (__divmodhi4)
c:/winavr-20100110/bin/../lib/gcc/avr/4.3.3/avr5\libgcc.a(_exit.o)
                              c:/winavr-20100110/bin/../lib/gcc/avr/4.3.3/../../../../avr/lib/avr5/crtm644p.o (exit)
c:/winavr-20100110/bin/../lib/gcc/avr/4.3.3/avr5\libgcc.a(_copy_data.o)
                              main.o (__do_copy_data)
c:/winavr-20100110/bin/../lib/gcc/avr/4.3.3/avr5\libgcc.a(_clear_bss.o)
                              main.o (__do_clear_bss)
c:/winavr-20100110/bin/../lib/gcc/avr/4.3.3/../../../../avr/lib/avr5\libc.a(memcpy.o)
                              rfm12.o (memcpy)
c:/winavr-20100110/bin/../lib/gcc/avr/4.3.3/../../../../avr/lib/avr5\libc.a(strcpy.o)
                              main.o (strcpy)
c:/winavr-20100110/bin/../lib/gcc/avr/4.3.3/../../../../avr/lib/avr5\libc.a(fdevopen.o)
                              tft-cpp/tft.o (fdevopen)
c:/winavr-20100110/bin/../lib/gcc/avr/4.3.3/../../../../avr/lib/avr5\libc.a(fputc.o)
                              main.o (fputc)
c:/winavr-20100110/bin/../lib/gcc/avr/4.3.3/../../../../avr/lib/avr5\libc.a(iob.o)
                              main.o (__iob)
c:/winavr-20100110/bin/../lib/gcc/avr/4.3.3/../../../../avr/lib/avr5\libc.a(puts.o)
                              main.o (puts)
c:/winavr-20100110/bin/../lib/gcc/avr/4.3.3/../../../../avr/lib/avr5\libc.a(calloc.o)
                              c:/winavr-20100110/bin/../lib/gcc/avr/4.3.3/../../../../avr/lib/avr5\libc.a(fdevopen.o) (calloc)
c:/winavr-20100110/bin/../lib/gcc/avr/4.3.3/../../../../avr/lib/avr5\libc.a(malloc.o)
                              c:/winavr-20100110/bin/../lib/gcc/avr/4.3.3/../../../../avr/lib/avr5\libc.a(calloc.o) (malloc)
c:/winavr-20100110/bin/../lib/gcc/avr/4.3.3/../../../../avr/lib/avr5\libc.a(memset.o)
                              c:/winavr-20100110/bin/../lib/gcc/avr/4.3.3/../../../../avr/lib/avr5\libc.a(calloc.o) (memset)

Allocating common symbols
Common symbol       size              file

__brkval            0x2               c:/winavr-20100110/bin/../lib/gcc/avr/4.3.3/../../../../avr/lib/avr5\libc.a(malloc.o)
__flp               0x2               c:/winavr-20100110/bin/../lib/gcc/avr/4.3.3/../../../../avr/lib/avr5\libc.a(malloc.o)
__iob               0x6               c:/winavr-20100110/bin/../lib/gcc/avr/4.3.3/../../../../avr/lib/avr5\libc.a(iob.o)

Memory Configuration

Name             Origin             Length             Attributes
text             0x00000000         0x00020000         xr
data             0x00800060         0x0000ffa0         rw !x
eeprom           0x00810000         0x00010000         rw !x
fuse             0x00820000         0x00000400         rw !x
lock             0x00830000         0x00000400         rw !x
signature        0x00840000         0x00000400         rw !x
*default*        0x00000000         0xffffffff

Linker script and memory map

Address of section .data set to 0x800100
LOAD c:/winavr-20100110/bin/../lib/gcc/avr/4.3.3/../../../../avr/lib/avr5/crtm644p.o
LOAD main.o
LOAD rfm12.o
LOAD tft-cpp/ascii.o
LOAD tft-cpp/tft.o
LOAD c:/winavr-20100110/bin/../lib/gcc/avr/4.3.3/avr5\libgcc.a
LOAD c:/winavr-20100110/bin/../lib/gcc/avr/4.3.3/../../../../avr/lib/avr5\libm.a
LOAD c:/winavr-20100110/bin/../lib/gcc/avr/4.3.3/avr5\libgcc.a
LOAD c:/winavr-20100110/bin/../lib/gcc/avr/4.3.3/../../../../avr/lib/avr5\libc.a
LOAD c:/winavr-20100110/bin/../lib/gcc/avr/4.3.3/avr5\libgcc.a

.hash
 *(.hash)

.dynsym
 *(.dynsym)

.dynstr
 *(.dynstr)

.gnu.version
 *(.gnu.version)

.gnu.version_d
 *(.gnu.version_d)

.gnu.version_r
 *(.gnu.version_r)

.rel.init
 *(.rel.init)

.rela.init
 *(.rela.init)

.rel.text
 *(.rel.text)
 *(.rel.text.*)
 *(.rel.gnu.linkonce.t*)

.rela.text
 *(.rela.text)
 *(.rela.text.*)
 *(.rela.gnu.linkonce.t*)

.rel.fini
 *(.rel.fini)

.rela.fini
 *(.rela.fini)

.rel.rodata
 *(.rel.rodata)
 *(.rel.rodata.*)
 *(.rel.gnu.linkonce.r*)

.rela.rodata
 *(.rela.rodata)
 *(.rela.rodata.*)
 *(.rela.gnu.linkonce.r*)

.rel.data
 *(.rel.data)
 *(.rel.data.*)
 *(.rel.gnu.linkonce.d*)

.rela.data
 *(.rela.data)
 *(.rela.data.*)
 *(.rela.gnu.linkonce.d*)

.rel.ctors
 *(.rel.ctors)

.rela.ctors
 *(.rela.ctors)

.rel.dtors
 *(.rel.dtors)

.rela.dtors
 *(.rela.dtors)

.rel.got
 *(.rel.got)

.rela.got
 *(.rela.got)

.rel.bss
 *(.rel.bss)

.rela.bss
 *(.rela.bss)

.rel.plt
 *(.rel.plt)

.rela.plt
 *(.rela.plt)

.text           0x00000000     0x18ae
 *(.vectors)
 .vectors       0x00000000       0x7c c:/winavr-20100110/bin/../lib/gcc/avr/4.3.3/../../../../avr/lib/avr5/crtm644p.o
                0x00000000                __vectors
                0x00000000                __vector_default
 *(.vectors)
 *(.progmem.gcc*)
 *(.progmem*)
 .progmem.data  0x0000007c       0x18 rfm12.o
 .progmem.data  0x00000094      0x318 tft-cpp/ascii.o
                0x00000094                ascii_6x8
                0x000003ac                . = ALIGN (0x2)
                0x000003ac                __trampolines_start = .
 *(.trampolines)
 .trampolines   0x000003ac        0x0 linker stubs
 *(.trampolines*)
                0x000003ac                __trampolines_end = .
 *(.jumptables)
 *(.jumptables*)
 *(.lowtext)
 *(.lowtext*)
                0x000003ac                __ctors_start = .
 *(.ctors)
                0x000003ac                __ctors_end = .
                0x000003ac                __dtors_start = .
 *(.dtors)
                0x000003ac                __dtors_end = .
 SORT(*)(.ctors)
 SORT(*)(.dtors)
 *(.init0)
 .init0         0x000003ac        0x0 c:/winavr-20100110/bin/../lib/gcc/avr/4.3.3/../../../../avr/lib/avr5/crtm644p.o
                0x000003ac                __init
 *(.init0)
 *(.init1)
 *(.init1)
 *(.init2)
 .init2         0x000003ac        0xc c:/winavr-20100110/bin/../lib/gcc/avr/4.3.3/../../../../avr/lib/avr5/crtm644p.o
 *(.init2)
 *(.init3)
 *(.init3)
 *(.init4)
 .init4         0x000003b8       0x16 c:/winavr-20100110/bin/../lib/gcc/avr/4.3.3/avr5\libgcc.a(_copy_data.o)
                0x000003b8                __do_copy_data
 .init4         0x000003ce       0x10 c:/winavr-20100110/bin/../lib/gcc/avr/4.3.3/avr5\libgcc.a(_clear_bss.o)
                0x000003ce                __do_clear_bss
 *(.init4)
 *(.init5)
 *(.init5)
 *(.init6)
 *(.init6)
 *(.init7)
 *(.init7)
 *(.init8)
 *(.init8)
 *(.init9)
 .init9         0x000003de        0x8 c:/winavr-20100110/bin/../lib/gcc/avr/4.3.3/../../../../avr/lib/avr5/crtm644p.o
 *(.init9)
 *(.text)
 .text          0x000003e6        0x4 c:/winavr-20100110/bin/../lib/gcc/avr/4.3.3/../../../../avr/lib/avr5/crtm644p.o
                0x000003e6                __vector_22
                0x000003e6                __vector_28
                0x000003e6                __vector_1
                0x000003e6                __vector_24
                0x000003e6                __vector_12
                0x000003e6                __bad_interrupt
                0x000003e6                __vector_6
                0x000003e6                __vector_23
                0x000003e6                __vector_30
                0x000003e6                __vector_25
                0x000003e6                __vector_11
                0x000003e6                __vector_13
                0x000003e6                __vector_17
                0x000003e6                __vector_19
                0x000003e6                __vector_7
                0x000003e6                __vector_27
                0x000003e6                __vector_5
                0x000003e6                __vector_4
                0x000003e6                __vector_9
                0x000003e6                __vector_2
                0x000003e6                __vector_21
                0x000003e6                __vector_15
                0x000003e6                __vector_29
                0x000003e6                __vector_8
                0x000003e6                __vector_26
                0x000003e6                __vector_14
                0x000003e6                __vector_10
                0x000003e6                __vector_16
                0x000003e6                __vector_18
                0x000003e6                __vector_20
 .text          0x000003ea      0x21c main.o
                0x0000043a                init_sys()
                0x0000049c                main
                0x00000408                init()
 .text          0x00000606      0x438 rfm12.o
                0x0000064c                rfm12_livectrl
                0x0000089c                rfm12_tick
                0x000006dc                __vector_3
                0x00000a04                rfm12_tx
                0x00000932                rfm12_rx_clear
                0x0000090a                rfm12_start_tx
                0x0000095e                rfm12_init
                0x00000642                rfm12_data_safe(unsigned int)
 .text          0x00000a3e        0x0 tft-cpp/ascii.o
 .text          0x00000a3e      0xa54 tft-cpp/tft.o
                0x00000b4a                tft::setFont(unsigned char, unsigned char)
                0x00000d00                tft::line(unsigned int, unsigned int, unsigned int, unsigned int, unsigned int)
                0x00001146                tft::drawImage2(unsigned char const*, unsigned int, unsigned int, unsigned int, unsigned int, bool)
                0x000011f4                tft::drawImage2Aligned(unsigned char const*, unsigned int, unsigned int, unsigned int, unsigned int, bool)
                0x00000c58                tft::frame(unsigned int, unsigned int, unsigned int, unsigned int, unsigned char, unsigned int)
                0x00001308                tft::newline()
                0x00000ec4                tft::setOrient(unsigned char)
                0x000012a2                tft::fill(unsigned int)
                0x00001042                tft::drawChar(char)
                0x00000b8a                tft::rectangle(unsigned int, unsigned int, unsigned int, unsigned int, unsigned int)
                0x00001468                tftout()
                0x00000f0a                tft::init()
                0x0000143e                tft::putString(char const*, bool)
 .text          0x00001492        0x0 c:/winavr-20100110/bin/../lib/gcc/avr/4.3.3/avr5\libgcc.a(_udivmodhi4.o)
 .text          0x00001492        0x0 c:/winavr-20100110/bin/../lib/gcc/avr/4.3.3/avr5\libgcc.a(_divmodhi4.o)
 .text          0x00001492        0x0 c:/winavr-20100110/bin/../lib/gcc/avr/4.3.3/avr5\libgcc.a(_exit.o)
 .text          0x00001492        0x0 c:/winavr-20100110/bin/../lib/gcc/avr/4.3.3/avr5\libgcc.a(_copy_data.o)
 .text          0x00001492        0x0 c:/winavr-20100110/bin/../lib/gcc/avr/4.3.3/avr5\libgcc.a(_clear_bss.o)
 .text          0x00001492        0x0 c:/winavr-20100110/bin/../lib/gcc/avr/4.3.3/../../../../avr/lib/avr5\libc.a(memcpy.o)
 .text          0x00001492        0x0 c:/winavr-20100110/bin/../lib/gcc/avr/4.3.3/../../../../avr/lib/avr5\libc.a(strcpy.o)
 .text          0x00001492        0x0 c:/winavr-20100110/bin/../lib/gcc/avr/4.3.3/../../../../avr/lib/avr5\libc.a(fdevopen.o)
 .text          0x00001492        0x0 c:/winavr-20100110/bin/../lib/gcc/avr/4.3.3/../../../../avr/lib/avr5\libc.a(fputc.o)
 .text          0x00001492        0x0 c:/winavr-20100110/bin/../lib/gcc/avr/4.3.3/../../../../avr/lib/avr5\libc.a(iob.o)
 .text          0x00001492        0x0 c:/winavr-20100110/bin/../lib/gcc/avr/4.3.3/../../../../avr/lib/avr5\libc.a(puts.o)
 .text          0x00001492        0x0 c:/winavr-20100110/bin/../lib/gcc/avr/4.3.3/../../../../avr/lib/avr5\libc.a(calloc.o)
 .text          0x00001492        0x0 c:/winavr-20100110/bin/../lib/gcc/avr/4.3.3/../../../../avr/lib/avr5\libc.a(malloc.o)
 .text          0x00001492        0x0 c:/winavr-20100110/bin/../lib/gcc/avr/4.3.3/../../../../avr/lib/avr5\libc.a(memset.o)
                0x00001492                . = ALIGN (0x2)
 *(.text.*)
 .text.libgcc   0x00001492       0x28 c:/winavr-20100110/bin/../lib/gcc/avr/4.3.3/avr5\libgcc.a(_udivmodhi4.o)
                0x00001492                __udivmodhi4
 .text.libgcc   0x000014ba       0x26 c:/winavr-20100110/bin/../lib/gcc/avr/4.3.3/avr5\libgcc.a(_divmodhi4.o)
                0x000014ba                __divmodhi4
                0x000014ba                _div
 .text.libgcc   0x000014e0        0x0 c:/winavr-20100110/bin/../lib/gcc/avr/4.3.3/avr5\libgcc.a(_exit.o)
 .text.libgcc   0x000014e0        0x0 c:/winavr-20100110/bin/../lib/gcc/avr/4.3.3/avr5\libgcc.a(_copy_data.o)
 .text.libgcc   0x000014e0        0x0 c:/winavr-20100110/bin/../lib/gcc/avr/4.3.3/avr5\libgcc.a(_clear_bss.o)
 .text.avr-libc
                0x000014e0       0x12 c:/winavr-20100110/bin/../lib/gcc/avr/4.3.3/../../../../avr/lib/avr5\libc.a(memcpy.o)
                0x000014e0                memcpy
 .text.avr-libc
                0x000014f2        0xe c:/winavr-20100110/bin/../lib/gcc/avr/4.3.3/../../../../avr/lib/avr5\libc.a(strcpy.o)
                0x000014f2                strcpy
 .text.avr-libc
                0x00001500       0x98 c:/winavr-20100110/bin/../lib/gcc/avr/4.3.3/../../../../avr/lib/avr5\libc.a(fdevopen.o)
                0x00001500                fdevopen
 .text.avr-libc
                0x00001598       0x58 c:/winavr-20100110/bin/../lib/gcc/avr/4.3.3/../../../../avr/lib/avr5\libc.a(fputc.o)
                0x00001598                fputc
 .text.avr-libc
                0x000015f0       0x6a c:/winavr-20100110/bin/../lib/gcc/avr/4.3.3/../../../../avr/lib/avr5\libc.a(puts.o)
                0x000015f0                puts
 .text.avr-libc
                0x0000165a       0x38 c:/winavr-20100110/bin/../lib/gcc/avr/4.3.3/../../../../avr/lib/avr5\libc.a(calloc.o)
                0x0000165a                calloc
 .text.avr-libc
                0x00001692      0x20a c:/winavr-20100110/bin/../lib/gcc/avr/4.3.3/../../../../avr/lib/avr5\libc.a(malloc.o)
                0x00001692                malloc
                0x000017ec                free
 .text.avr-libc
                0x0000189c        0xe c:/winavr-20100110/bin/../lib/gcc/avr/4.3.3/../../../../avr/lib/avr5\libc.a(memset.o)
                0x0000189c                memset
                0x000018aa                . = ALIGN (0x2)
 *(.fini9)
 .fini9         0x000018aa        0x0 c:/winavr-20100110/bin/../lib/gcc/avr/4.3.3/avr5\libgcc.a(_exit.o)
                0x000018aa                exit
                0x000018aa                _exit
 *(.fini9)
 *(.fini8)
 *(.fini8)
 *(.fini7)
 *(.fini7)
 *(.fini6)
 *(.fini6)
 *(.fini5)
 *(.fini5)
 *(.fini4)
 *(.fini4)
 *(.fini3)
 *(.fini3)
 *(.fini2)
 *(.fini2)
 *(.fini1)
 *(.fini1)
 *(.fini0)
 .fini0         0x000018aa        0x4 c:/winavr-20100110/bin/../lib/gcc/avr/4.3.3/avr5\libgcc.a(_exit.o)
 *(.fini0)
                0x000018ae                _etext = .

.data           0x00800100       0xfa load address 0x000018ae
                0x00800100                PROVIDE (__data_start, .)
 *(.data)
 .data          0x00800100        0x0 c:/winavr-20100110/bin/../lib/gcc/avr/4.3.3/../../../../avr/lib/avr5/crtm644p.o
 .data          0x00800100       0xa0 main.o
 .data          0x008001a0       0x49 rfm12.o
                0x008001a0                livectrl_cmds
 .data          0x008001e9        0x8 tft-cpp/ascii.o
                0x008001e9                fonts
 .data          0x008001f1        0x2 tft-cpp/tft.o
                0x008001f1                tft::font
 .data          0x008001f3        0x0 c:/winavr-20100110/bin/../lib/gcc/avr/4.3.3/avr5\libgcc.a(_udivmodhi4.o)
 .data          0x008001f3        0x0 c:/winavr-20100110/bin/../lib/gcc/avr/4.3.3/avr5\libgcc.a(_divmodhi4.o)
 .data          0x008001f3        0x0 c:/winavr-20100110/bin/../lib/gcc/avr/4.3.3/avr5\libgcc.a(_exit.o)
 .data          0x008001f3        0x0 c:/winavr-20100110/bin/../lib/gcc/avr/4.3.3/avr5\libgcc.a(_copy_data.o)
 .data          0x008001f3        0x0 c:/winavr-20100110/bin/../lib/gcc/avr/4.3.3/avr5\libgcc.a(_clear_bss.o)
 .data          0x008001f3        0x0 c:/winavr-20100110/bin/../lib/gcc/avr/4.3.3/../../../../avr/lib/avr5\libc.a(memcpy.o)
 .data          0x008001f3        0x0 c:/winavr-20100110/bin/../lib/gcc/avr/4.3.3/../../../../avr/lib/avr5\libc.a(strcpy.o)
 .data          0x008001f3        0x0 c:/winavr-20100110/bin/../lib/gcc/avr/4.3.3/../../../../avr/lib/avr5\libc.a(fdevopen.o)
 .data          0x008001f3        0x0 c:/winavr-20100110/bin/../lib/gcc/avr/4.3.3/../../../../avr/lib/avr5\libc.a(fputc.o)
 .data          0x008001f3        0x0 c:/winavr-20100110/bin/../lib/gcc/avr/4.3.3/../../../../avr/lib/avr5\libc.a(iob.o)
 .data          0x008001f3        0x0 c:/winavr-20100110/bin/../lib/gcc/avr/4.3.3/../../../../avr/lib/avr5\libc.a(puts.o)
 .data          0x008001f3        0x0 c:/winavr-20100110/bin/../lib/gcc/avr/4.3.3/../../../../avr/lib/avr5\libc.a(calloc.o)
 .data          0x008001f3        0x6 c:/winavr-20100110/bin/../lib/gcc/avr/4.3.3/../../../../avr/lib/avr5\libc.a(malloc.o)
                0x008001f5                __malloc_heap_start
                0x008001f7                __malloc_heap_end
                0x008001f3                __malloc_margin
 .data          0x008001f9        0x0 c:/winavr-20100110/bin/../lib/gcc/avr/4.3.3/../../../../avr/lib/avr5\libc.a(memset.o)
 *(.data*)
 *(.rodata)
 *(.rodata*)
 *(.gnu.linkonce.d*)
                0x008001fa                . = ALIGN (0x2)
 *fill*         0x008001f9        0x1 00
                0x008001fa                _edata = .
                0x008001fa                PROVIDE (__data_end, .)

.bss            0x008001fa       0xfa
                0x008001fa                PROVIDE (__bss_start, .)
 *(.bss)
 .bss           0x008001fa        0x0 c:/winavr-20100110/bin/../lib/gcc/avr/4.3.3/../../../../avr/lib/avr5/crtm644p.o
 .bss           0x008001fa       0x68 main.o
                0x008001fa                bufptr
                0x00800260                p
                0x008001fc                str
 .bss           0x00800262       0x76 rfm12.o
                0x008002c9                ctrl
                0x00800285                rf_rx_buffers
                0x00800262                rf_tx_buffer
 .bss           0x008002d8        0x0 tft-cpp/ascii.o
 .bss           0x008002d8       0x12 tft-cpp/tft.o
                0x008002db                tft::x
                0x008002e5                tft::background
                0x008002dd                tft::y
                0x008002d9                tft::orient
                0x008002da                tft::tabSize
                0x008002d8                tft::zoom
                0x008002df                tft::width
                0x008002e3                tft::foreground
                0x008002e1                tft::height
 .bss           0x008002ea        0x0 c:/winavr-20100110/bin/../lib/gcc/avr/4.3.3/avr5\libgcc.a(_udivmodhi4.o)
 .bss           0x008002ea        0x0 c:/winavr-20100110/bin/../lib/gcc/avr/4.3.3/avr5\libgcc.a(_divmodhi4.o)
 .bss           0x008002ea        0x0 c:/winavr-20100110/bin/../lib/gcc/avr/4.3.3/avr5\libgcc.a(_exit.o)
 .bss           0x008002ea        0x0 c:/winavr-20100110/bin/../lib/gcc/avr/4.3.3/avr5\libgcc.a(_copy_data.o)
 .bss           0x008002ea        0x0 c:/winavr-20100110/bin/../lib/gcc/avr/4.3.3/avr5\libgcc.a(_clear_bss.o)
 .bss           0x008002ea        0x0 c:/winavr-20100110/bin/../lib/gcc/avr/4.3.3/../../../../avr/lib/avr5\libc.a(memcpy.o)
 .bss           0x008002ea        0x0 c:/winavr-20100110/bin/../lib/gcc/avr/4.3.3/../../../../avr/lib/avr5\libc.a(strcpy.o)
 .bss           0x008002ea        0x0 c:/winavr-20100110/bin/../lib/gcc/avr/4.3.3/../../../../avr/lib/avr5\libc.a(fdevopen.o)
 .bss           0x008002ea        0x0 c:/winavr-20100110/bin/../lib/gcc/avr/4.3.3/../../../../avr/lib/avr5\libc.a(fputc.o)
 .bss           0x008002ea        0x0 c:/winavr-20100110/bin/../lib/gcc/avr/4.3.3/../../../../avr/lib/avr5\libc.a(iob.o)
 .bss           0x008002ea        0x0 c:/winavr-20100110/bin/../lib/gcc/avr/4.3.3/../../../../avr/lib/avr5\libc.a(puts.o)
 .bss           0x008002ea        0x0 c:/winavr-20100110/bin/../lib/gcc/avr/4.3.3/../../../../avr/lib/avr5\libc.a(calloc.o)
 .bss           0x008002ea        0x0 c:/winavr-20100110/bin/../lib/gcc/avr/4.3.3/../../../../avr/lib/avr5\libc.a(malloc.o)
 .bss           0x008002ea        0x0 c:/winavr-20100110/bin/../lib/gcc/avr/4.3.3/../../../../avr/lib/avr5\libc.a(memset.o)
 *(.bss*)
 *(COMMON)
 COMMON         0x008002ea        0x6 c:/winavr-20100110/bin/../lib/gcc/avr/4.3.3/../../../../avr/lib/avr5\libc.a(iob.o)
                0x008002ea                __iob
 COMMON         0x008002f0        0x4 c:/winavr-20100110/bin/../lib/gcc/avr/4.3.3/../../../../avr/lib/avr5\libc.a(malloc.o)
                0x008002f0                __brkval
                0x008002f2                __flp
                0x008002f4                PROVIDE (__bss_end, .)
                0x000018ae                __data_load_start = LOADADDR (.data)
                0x000019a8                __data_load_end = (__data_load_start + SIZEOF (.data))

.noinit         0x008002f4        0x0
                0x008002f4                PROVIDE (__noinit_start, .)
 *(.noinit*)
                0x008002f4                PROVIDE (__noinit_end, .)
                0x008002f4                _end = .
                0x008002f4                PROVIDE (__heap_start, .)

.eeprom         0x00810000        0x0
 *(.eeprom*)
                0x00810000                __eeprom_end = .

.fuse
 *(.fuse)
 *(.lfuse)
 *(.hfuse)
 *(.efuse)

.lock
 *(.lock*)

.signature
 *(.signature*)

.stab
 *(.stab)

.stabstr
 *(.stabstr)

.stab.excl
 *(.stab.excl)

.stab.exclstr
 *(.stab.exclstr)

.stab.index
 *(.stab.index)

.stab.indexstr
 *(.stab.indexstr)

.comment
 *(.comment)

.debug
 *(.debug)

.line
 *(.line)

.debug_srcinfo
 *(.debug_srcinfo)

.debug_sfnames
 *(.debug_sfnames)

.debug_aranges  0x00000000       0x60
 *(.debug_aranges)
 .debug_aranges
                0x00000000       0x20 main.o
 .debug_aranges
                0x00000020       0x20 rfm12.o
 .debug_aranges
                0x00000040       0x20 tft-cpp/tft.o

.debug_pubnames
                0x00000000      0x269
 *(.debug_pubnames)
 .debug_pubnames
                0x00000000       0x4a main.o
 .debug_pubnames
                0x0000004a       0xd7 rfm12.o
 .debug_pubnames
                0x00000121       0x2a tft-cpp/ascii.o
 .debug_pubnames
                0x0000014b      0x11e tft-cpp/tft.o

.debug_info     0x00000000     0x2238
 *(.debug_info)
 .debug_info    0x00000000      0x83f main.o
 .debug_info    0x0000083f      0x578 rfm12.o
 .debug_info    0x00000db7      0x121 tft-cpp/ascii.o
 .debug_info    0x00000ed8     0x1360 tft-cpp/tft.o
 *(.gnu.linkonce.wi.*)

.debug_abbrev   0x00000000      0x9d4
 *(.debug_abbrev)
 .debug_abbrev  0x00000000      0x2ff main.o
 .debug_abbrev  0x000002ff      0x24b rfm12.o
 .debug_abbrev  0x0000054a       0x9c tft-cpp/ascii.o
 .debug_abbrev  0x000005e6      0x3ee tft-cpp/tft.o

.debug_line     0x00000000     0x12fe
 *(.debug_line)
 .debug_line    0x00000000      0x34d main.o
 .debug_line    0x0000034d      0x530 rfm12.o
 .debug_line    0x0000087d       0x5c tft-cpp/ascii.o
 .debug_line    0x000008d9      0xa25 tft-cpp/tft.o

.debug_frame    0x00000000      0x260
 *(.debug_frame)
 .debug_frame   0x00000000       0x50 main.o
 .debug_frame   0x00000050       0xb0 rfm12.o
 .debug_frame   0x00000100      0x160 tft-cpp/tft.o

.debug_str      0x00000000      0x73b
 *(.debug_str)
 .debug_str     0x00000000      0x393 main.o
                                0x3ea (size before relaxing)
 .debug_str     0x00000393      0x184 rfm12.o
                                0x33a (size before relaxing)
 .debug_str     0x00000517       0x2c tft-cpp/ascii.o
                                0x11f (size before relaxing)
 .debug_str     0x00000543      0x1f8 tft-cpp/tft.o
                                0x4d8 (size before relaxing)

.debug_loc      0x00000000      0xf7c
 *(.debug_loc)
 .debug_loc     0x00000000       0xf9 main.o
 .debug_loc     0x000000f9      0x189 rfm12.o
 .debug_loc     0x00000282      0xcfa tft-cpp/tft.o

.debug_macinfo
 *(.debug_macinfo)
OUTPUT(rfm12b.elf elf32-avr)
LOAD linker stubs

.debug_ranges   0x00000000       0xd8
 .debug_ranges  0x00000000       0x90 main.o
 .debug_ranges  0x00000090       0x48 rfm12.o
