Archive member included because of file (symbol)

/usr/lib/gcc/avr/4.8.1/avr5/libgcc.a(_udivmodqi4.o)
                              tft-cpp/tft.o (__udivmodqi4)
/usr/lib/gcc/avr/4.8.1/avr5/libgcc.a(_udivmodhi4.o)
                              tft-cpp/tft.o (__udivmodhi4)
/usr/lib/gcc/avr/4.8.1/avr5/libgcc.a(_divmodhi4.o)
                              tft-cpp/tft.o (__divmodhi4)
/usr/lib/gcc/avr/4.8.1/avr5/libgcc.a(_exit.o)
                              /usr/lib/gcc/avr/4.8.1/../../../avr/lib/avr5/crtm644p.o (exit)
/usr/lib/gcc/avr/4.8.1/avr5/libgcc.a(_copy_data.o)
                              main.o (__do_copy_data)
/usr/lib/gcc/avr/4.8.1/avr5/libgcc.a(_clear_bss.o)
                              main.o (__do_clear_bss)
/usr/lib/gcc/avr/4.8.1/../../../avr/lib/avr5/libc.a(memcpy.o)
                              rfm12.o (memcpy)
/usr/lib/gcc/avr/4.8.1/../../../avr/lib/avr5/libc.a(fdevopen.o)
                              tft-cpp/tft.o (fdevopen)
/usr/lib/gcc/avr/4.8.1/../../../avr/lib/avr5/libc.a(fputc.o)
                              main.o (fputc)
/usr/lib/gcc/avr/4.8.1/../../../avr/lib/avr5/libc.a(iob.o)
                              main.o (__iob)
/usr/lib/gcc/avr/4.8.1/../../../avr/lib/avr5/libc.a(puts.o)
                              main.o (puts)
/usr/lib/gcc/avr/4.8.1/../../../avr/lib/avr5/libc.a(calloc.o)
                              /usr/lib/gcc/avr/4.8.1/../../../avr/lib/avr5/libc.a(fdevopen.o) (calloc)
/usr/lib/gcc/avr/4.8.1/../../../avr/lib/avr5/libc.a(malloc.o)
                              /usr/lib/gcc/avr/4.8.1/../../../avr/lib/avr5/libc.a(calloc.o) (malloc)
/usr/lib/gcc/avr/4.8.1/../../../avr/lib/avr5/libc.a(memset.o)
                              /usr/lib/gcc/avr/4.8.1/../../../avr/lib/avr5/libc.a(calloc.o) (memset)

分配公共符号
公共符号            大小              文件

__brkval            0x2               /usr/lib/gcc/avr/4.8.1/../../../avr/lib/avr5/libc.a(malloc.o)
__flp               0x2               /usr/lib/gcc/avr/4.8.1/../../../avr/lib/avr5/libc.a(malloc.o)
__iob               0x6               /usr/lib/gcc/avr/4.8.1/../../../avr/lib/avr5/libc.a(iob.o)

内存配置

名称           来源             长度             属性
text             0x0000000000000000 0x0000000000020000 xr
data             0x0000000000800060 0x000000000000ffa0 rw !x
eeprom           0x0000000000810000 0x0000000000010000 rw !x
fuse             0x0000000000820000 0x0000000000000400 rw !x
lock             0x0000000000830000 0x0000000000000400 rw !x
signature        0x0000000000840000 0x0000000000000400 rw !x
user_signatures  0x0000000000850000 0x0000000000000400 rw !x
*default*        0x0000000000000000 0xffffffffffffffff

Linker script and memory map

Address of section .data set to 0x800100
LOAD /usr/lib/gcc/avr/4.8.1/../../../avr/lib/avr5/crtm644p.o
LOAD main.o
LOAD rfm12.o
LOAD tft-cpp/ascii.o
LOAD tft-cpp/tft.o
LOAD /usr/lib/gcc/avr/4.8.1/avr5/libgcc.a
LOAD /usr/lib/gcc/avr/4.8.1/../../../avr/lib/avr5/libm.a
START GROUP
LOAD /usr/lib/gcc/avr/4.8.1/avr5/libgcc.a
LOAD /usr/lib/gcc/avr/4.8.1/../../../avr/lib/avr5/libm.a
LOAD /usr/lib/gcc/avr/4.8.1/../../../avr/lib/avr5/libc.a
END GROUP

.hash
 *(.hash)

.dynsym
 *(.dynsym)

.dynstr
 *(.dynstr)

.gnu.version
 *(.gnu.version)

.gnu.version_d
 *(.gnu.version_d)

.gnu.version_r
 *(.gnu.version_r)

.rel.init
 *(.rel.init)

.rela.init
 *(.rela.init)

.rel.text
 *(.rel.text)
 *(.rel.text.*)
 *(.rel.gnu.linkonce.t*)

.rela.text
 *(.rela.text)
 *(.rela.text.*)
 *(.rela.gnu.linkonce.t*)

.rel.fini
 *(.rel.fini)

.rela.fini
 *(.rela.fini)

.rel.rodata
 *(.rel.rodata)
 *(.rel.rodata.*)
 *(.rel.gnu.linkonce.r*)

.rela.rodata
 *(.rela.rodata)
 *(.rela.rodata.*)
 *(.rela.gnu.linkonce.r*)

.rel.data
 *(.rel.data)
 *(.rel.data.*)
 *(.rel.gnu.linkonce.d*)

.rela.data
 *(.rela.data)
 *(.rela.data.*)
 *(.rela.gnu.linkonce.d*)

.rel.ctors
 *(.rel.ctors)

.rela.ctors
 *(.rela.ctors)

.rel.dtors
 *(.rel.dtors)

.rela.dtors
 *(.rela.dtors)

.rel.got
 *(.rel.got)

.rela.got
 *(.rela.got)

.rel.bss
 *(.rel.bss)

.rela.bss
 *(.rela.bss)

.rel.plt
 *(.rel.plt)

.rela.plt
 *(.rela.plt)

.text           0x0000000000000000     0x17c8
 *(.vectors)
 .vectors       0x0000000000000000       0x7c /usr/lib/gcc/avr/4.8.1/../../../avr/lib/avr5/crtm644p.o
                0x0000000000000000                __vectors
                0x0000000000000000                __vector_default
 *(.vectors)
 *(.progmem.gcc*)
                0x000000000000007c                . = ALIGN (0x2)
                0x000000000000007c                __trampolines_start = .
 *(.trampolines)
 .trampolines   0x000000000000007c        0x0 linker stubs
 *(.trampolines*)
                0x000000000000007c                __trampolines_end = .
 *(.progmem*)
 .progmem.data  0x000000000000007c       0x18 rfm12.o
 .progmem.data  0x0000000000000094      0x318 tft-cpp/ascii.o
                0x0000000000000094                ascii_6x8
                0x00000000000003ac                . = ALIGN (0x2)
 *(.jumptables)
 *(.jumptables*)
 *(.lowtext)
 *(.lowtext*)
                0x00000000000003ac                __ctors_start = .
 *(.ctors)
                0x00000000000003ac                __ctors_end = .
                0x00000000000003ac                __dtors_start = .
 *(.dtors)
                0x00000000000003ac                __dtors_end = .
 SORT(*)(.ctors)
 SORT(*)(.dtors)
 *(.init0)
 .init0         0x00000000000003ac        0x0 /usr/lib/gcc/avr/4.8.1/../../../avr/lib/avr5/crtm644p.o
                0x00000000000003ac                __init
 *(.init0)
 *(.init1)
 *(.init1)
 *(.init2)
 .init2         0x00000000000003ac        0xc /usr/lib/gcc/avr/4.8.1/../../../avr/lib/avr5/crtm644p.o
 *(.init2)
 *(.init3)
 *(.init3)
 *(.init4)
 .init4         0x00000000000003b8       0x16 /usr/lib/gcc/avr/4.8.1/avr5/libgcc.a(_copy_data.o)
                0x00000000000003b8                __do_copy_data
 .init4         0x00000000000003ce       0x10 /usr/lib/gcc/avr/4.8.1/avr5/libgcc.a(_clear_bss.o)
                0x00000000000003ce                __do_clear_bss
 *(.init4)
 *(.init5)
 *(.init5)
 *(.init6)
 *(.init6)
 *(.init7)
 *(.init7)
 *(.init8)
 *(.init8)
 *(.init9)
 .init9         0x00000000000003de        0x8 /usr/lib/gcc/avr/4.8.1/../../../avr/lib/avr5/crtm644p.o
 *(.init9)
 *(.text)
 .text          0x00000000000003e6        0x4 /usr/lib/gcc/avr/4.8.1/../../../avr/lib/avr5/crtm644p.o
                0x00000000000003e6                __vector_22
                0x00000000000003e6                __vector_28
                0x00000000000003e6                __vector_1
                0x00000000000003e6                __vector_24
                0x00000000000003e6                __vector_12
                0x00000000000003e6                __bad_interrupt
                0x00000000000003e6                __vector_6
                0x00000000000003e6                __vector_23
                0x00000000000003e6                __vector_30
                0x00000000000003e6                __vector_25
                0x00000000000003e6                __vector_11
                0x00000000000003e6                __vector_13
                0x00000000000003e6                __vector_17
                0x00000000000003e6                __vector_19
                0x00000000000003e6                __vector_7
                0x00000000000003e6                __vector_27
                0x00000000000003e6                __vector_5
                0x00000000000003e6                __vector_4
                0x00000000000003e6                __vector_9
                0x00000000000003e6                __vector_2
                0x00000000000003e6                __vector_21
                0x00000000000003e6                __vector_15
                0x00000000000003e6                __vector_29
                0x00000000000003e6                __vector_8
                0x00000000000003e6                __vector_26
                0x00000000000003e6                __vector_14
                0x00000000000003e6                __vector_10
                0x00000000000003e6                __vector_16
                0x00000000000003e6                __vector_18
                0x00000000000003e6                __vector_20
 .text          0x00000000000003ea       0xb0 main.o
                0x0000000000000408                _Z4initv
                0x000000000000043a                _Z8init_sysv
 .text          0x000000000000049a      0x388 rfm12.o
                0x00000000000004d6                _Z15rfm12_data_safej
                0x00000000000004e0                rfm12_livectrl
                0x000000000000052a                __vector_3
                0x0000000000000698                rfm12_tick
                0x0000000000000706                rfm12_start_tx
                0x000000000000072c                rfm12_tx
                0x0000000000000766                rfm12_rx_clear
                0x0000000000000782                rfm12_init
 .text          0x0000000000000822        0x0 tft-cpp/ascii.o
 .text          0x0000000000000822      0xa4e tft-cpp/tft.o
                0x00000000000008ea                _ZN3tft7setFontEhh
                0x000000000000092c                _ZN3tft9rectangleEjjjjj
                0x00000000000009f4                _ZN3tft5frameEjjjjhj
                0x0000000000000a9c                _ZN3tft4lineEjjjjj
                0x0000000000000c68                _ZN3tft9setOrientEh
                0x0000000000000cee                _ZN3tft4initEv
                0x0000000000000e24                _ZN3tft8drawCharEc
                0x0000000000000f14                _ZN3tft10drawImage2EPKhjjjjb
                0x0000000000000fc4                _ZN3tft17drawImage2AlignedEPKhjjjjb
                0x0000000000001074                _Z6tftoutv
                0x000000000000109e                _ZN3tft4fillEj
                0x0000000000001108                _ZN3tft7newlineEv
                0x000000000000122a                _ZN3tft9putStringEPKcb
 .text          0x0000000000001270        0x0 /usr/lib/gcc/avr/4.8.1/avr5/libgcc.a(_udivmodqi4.o)
 .text          0x0000000000001270        0x0 /usr/lib/gcc/avr/4.8.1/avr5/libgcc.a(_udivmodhi4.o)
 .text          0x0000000000001270        0x0 /usr/lib/gcc/avr/4.8.1/avr5/libgcc.a(_divmodhi4.o)
 .text          0x0000000000001270        0x0 /usr/lib/gcc/avr/4.8.1/avr5/libgcc.a(_exit.o)
 .text          0x0000000000001270        0x0 /usr/lib/gcc/avr/4.8.1/avr5/libgcc.a(_copy_data.o)
 .text          0x0000000000001270        0x0 /usr/lib/gcc/avr/4.8.1/avr5/libgcc.a(_clear_bss.o)
 .text          0x0000000000001270        0x0 /usr/lib/gcc/avr/4.8.1/../../../avr/lib/avr5/libc.a(memcpy.o)
 .text          0x0000000000001270        0x0 /usr/lib/gcc/avr/4.8.1/../../../avr/lib/avr5/libc.a(fdevopen.o)
 .text          0x0000000000001270        0x0 /usr/lib/gcc/avr/4.8.1/../../../avr/lib/avr5/libc.a(fputc.o)
 .text          0x0000000000001270        0x0 /usr/lib/gcc/avr/4.8.1/../../../avr/lib/avr5/libc.a(iob.o)
 .text          0x0000000000001270        0x0 /usr/lib/gcc/avr/4.8.1/../../../avr/lib/avr5/libc.a(puts.o)
 .text          0x0000000000001270        0x0 /usr/lib/gcc/avr/4.8.1/../../../avr/lib/avr5/libc.a(calloc.o)
 .text          0x0000000000001270        0x0 /usr/lib/gcc/avr/4.8.1/../../../avr/lib/avr5/libc.a(malloc.o)
 .text          0x0000000000001270        0x0 /usr/lib/gcc/avr/4.8.1/../../../avr/lib/avr5/libc.a(memset.o)
                0x0000000000001270                . = ALIGN (0x2)
 *(.text.*)
 .text.startup  0x0000000000001270       0xf2 main.o
                0x0000000000001270                main
 .text.libgcc.mul
                0x0000000000001362        0x0 /usr/lib/gcc/avr/4.8.1/avr5/libgcc.a(_udivmodqi4.o)
 .text.libgcc.div
                0x0000000000001362       0x18 /usr/lib/gcc/avr/4.8.1/avr5/libgcc.a(_udivmodqi4.o)
                0x0000000000001362                __udivmodqi4
 .text.libgcc   0x000000000000137a        0x0 /usr/lib/gcc/avr/4.8.1/avr5/libgcc.a(_udivmodqi4.o)
 .text.libgcc.prologue
                0x000000000000137a        0x0 /usr/lib/gcc/avr/4.8.1/avr5/libgcc.a(_udivmodqi4.o)
 .text.libgcc.builtins
                0x000000000000137a        0x0 /usr/lib/gcc/avr/4.8.1/avr5/libgcc.a(_udivmodqi4.o)
 .text.libgcc.fmul
                0x000000000000137a        0x0 /usr/lib/gcc/avr/4.8.1/avr5/libgcc.a(_udivmodqi4.o)
 .text.libgcc.fixed
                0x000000000000137a        0x0 /usr/lib/gcc/avr/4.8.1/avr5/libgcc.a(_udivmodqi4.o)
 .text.libgcc.mul
                0x000000000000137a        0x0 /usr/lib/gcc/avr/4.8.1/avr5/libgcc.a(_udivmodhi4.o)
 .text.libgcc.div
                0x000000000000137a       0x28 /usr/lib/gcc/avr/4.8.1/avr5/libgcc.a(_udivmodhi4.o)
                0x000000000000137a                __udivmodhi4
 .text.libgcc   0x00000000000013a2        0x0 /usr/lib/gcc/avr/4.8.1/avr5/libgcc.a(_udivmodhi4.o)
 .text.libgcc.prologue
                0x00000000000013a2        0x0 /usr/lib/gcc/avr/4.8.1/avr5/libgcc.a(_udivmodhi4.o)
 .text.libgcc.builtins
                0x00000000000013a2        0x0 /usr/lib/gcc/avr/4.8.1/avr5/libgcc.a(_udivmodhi4.o)
 .text.libgcc.fmul
                0x00000000000013a2        0x0 /usr/lib/gcc/avr/4.8.1/avr5/libgcc.a(_udivmodhi4.o)
 .text.libgcc.fixed
                0x00000000000013a2        0x0 /usr/lib/gcc/avr/4.8.1/avr5/libgcc.a(_udivmodhi4.o)
 .text.libgcc.mul
                0x00000000000013a2        0x0 /usr/lib/gcc/avr/4.8.1/avr5/libgcc.a(_divmodhi4.o)
 .text.libgcc.div
                0x00000000000013a2       0x28 /usr/lib/gcc/avr/4.8.1/avr5/libgcc.a(_divmodhi4.o)
                0x00000000000013a2                __divmodhi4
                0x00000000000013a2                _div
 .text.libgcc   0x00000000000013ca        0x0 /usr/lib/gcc/avr/4.8.1/avr5/libgcc.a(_divmodhi4.o)
 .text.libgcc.prologue
                0x00000000000013ca        0x0 /usr/lib/gcc/avr/4.8.1/avr5/libgcc.a(_divmodhi4.o)
 .text.libgcc.builtins
                0x00000000000013ca        0x0 /usr/lib/gcc/avr/4.8.1/avr5/libgcc.a(_divmodhi4.o)
 .text.libgcc.fmul
                0x00000000000013ca        0x0 /usr/lib/gcc/avr/4.8.1/avr5/libgcc.a(_divmodhi4.o)
 .text.libgcc.fixed
                0x00000000000013ca        0x0 /usr/lib/gcc/avr/4.8.1/avr5/libgcc.a(_divmodhi4.o)
 .text.libgcc.mul
                0x00000000000013ca        0x0 /usr/lib/gcc/avr/4.8.1/avr5/libgcc.a(_exit.o)
 .text.libgcc.div
                0x00000000000013ca        0x0 /usr/lib/gcc/avr/4.8.1/avr5/libgcc.a(_exit.o)
 .text.libgcc   0x00000000000013ca        0x0 /usr/lib/gcc/avr/4.8.1/avr5/libgcc.a(_exit.o)
 .text.libgcc.prologue
                0x00000000000013ca        0x0 /usr/lib/gcc/avr/4.8.1/avr5/libgcc.a(_exit.o)
 .text.libgcc.builtins
                0x00000000000013ca        0x0 /usr/lib/gcc/avr/4.8.1/avr5/libgcc.a(_exit.o)
 .text.libgcc.fmul
                0x00000000000013ca        0x0 /usr/lib/gcc/avr/4.8.1/avr5/libgcc.a(_exit.o)
 .text.libgcc.fixed
                0x00000000000013ca        0x0 /usr/lib/gcc/avr/4.8.1/avr5/libgcc.a(_exit.o)
 .text.libgcc.mul
                0x00000000000013ca        0x0 /usr/lib/gcc/avr/4.8.1/avr5/libgcc.a(_copy_data.o)
 .text.libgcc.div
                0x00000000000013ca        0x0 /usr/lib/gcc/avr/4.8.1/avr5/libgcc.a(_copy_data.o)
 .text.libgcc   0x00000000000013ca        0x0 /usr/lib/gcc/avr/4.8.1/avr5/libgcc.a(_copy_data.o)
 .text.libgcc.prologue
                0x00000000000013ca        0x0 /usr/lib/gcc/avr/4.8.1/avr5/libgcc.a(_copy_data.o)
 .text.libgcc.builtins
                0x00000000000013ca        0x0 /usr/lib/gcc/avr/4.8.1/avr5/libgcc.a(_copy_data.o)
 .text.libgcc.fmul
                0x00000000000013ca        0x0 /usr/lib/gcc/avr/4.8.1/avr5/libgcc.a(_copy_data.o)
 .text.libgcc.fixed
                0x00000000000013ca        0x0 /usr/lib/gcc/avr/4.8.1/avr5/libgcc.a(_copy_data.o)
 .text.libgcc.mul
                0x00000000000013ca        0x0 /usr/lib/gcc/avr/4.8.1/avr5/libgcc.a(_clear_bss.o)
 .text.libgcc.div
                0x00000000000013ca        0x0 /usr/lib/gcc/avr/4.8.1/avr5/libgcc.a(_clear_bss.o)
 .text.libgcc   0x00000000000013ca        0x0 /usr/lib/gcc/avr/4.8.1/avr5/libgcc.a(_clear_bss.o)
 .text.libgcc.prologue
                0x00000000000013ca        0x0 /usr/lib/gcc/avr/4.8.1/avr5/libgcc.a(_clear_bss.o)
 .text.libgcc.builtins
                0x00000000000013ca        0x0 /usr/lib/gcc/avr/4.8.1/avr5/libgcc.a(_clear_bss.o)
 .text.libgcc.fmul
                0x00000000000013ca        0x0 /usr/lib/gcc/avr/4.8.1/avr5/libgcc.a(_clear_bss.o)
 .text.libgcc.fixed
                0x00000000000013ca        0x0 /usr/lib/gcc/avr/4.8.1/avr5/libgcc.a(_clear_bss.o)
 .text.avr-libc
                0x00000000000013ca       0x12 /usr/lib/gcc/avr/4.8.1/../../../avr/lib/avr5/libc.a(memcpy.o)
                0x00000000000013ca                memcpy
 .text.avr-libc
                0x00000000000013dc       0x96 /usr/lib/gcc/avr/4.8.1/../../../avr/lib/avr5/libc.a(fdevopen.o)
                0x00000000000013dc                fdevopen
 .text.avr-libc
                0x0000000000001472       0x64 /usr/lib/gcc/avr/4.8.1/../../../avr/lib/avr5/libc.a(fputc.o)
                0x0000000000001472                fputc
 .text.avr-libc
                0x00000000000014d6       0x5a /usr/lib/gcc/avr/4.8.1/../../../avr/lib/avr5/libc.a(puts.o)
                0x00000000000014d6                puts
 .text.avr-libc
                0x0000000000001530       0x38 /usr/lib/gcc/avr/4.8.1/../../../avr/lib/avr5/libc.a(calloc.o)
                0x0000000000001530                calloc
 .text.avr-libc
                0x0000000000001568      0x24e /usr/lib/gcc/avr/4.8.1/../../../avr/lib/avr5/libc.a(malloc.o)
                0x0000000000001568                malloc
                0x0000000000001698                free
 .text.avr-libc
                0x00000000000017b6        0xe /usr/lib/gcc/avr/4.8.1/../../../avr/lib/avr5/libc.a(memset.o)
                0x00000000000017b6                memset
                0x00000000000017c4                . = ALIGN (0x2)
 *(.fini9)
 .fini9         0x00000000000017c4        0x0 /usr/lib/gcc/avr/4.8.1/avr5/libgcc.a(_exit.o)
                0x00000000000017c4                exit
                0x00000000000017c4                _exit
 *(.fini9)
 *(.fini8)
 *(.fini8)
 *(.fini7)
 *(.fini7)
 *(.fini6)
 *(.fini6)
 *(.fini5)
 *(.fini5)
 *(.fini4)
 *(.fini4)
 *(.fini3)
 *(.fini3)
 *(.fini2)
 *(.fini2)
 *(.fini1)
 *(.fini1)
 *(.fini0)
 .fini0         0x00000000000017c4        0x4 /usr/lib/gcc/avr/4.8.1/avr5/libgcc.a(_exit.o)
 *(.fini0)
                0x00000000000017c8                _etext = .

.data           0x0000000000800100       0xe0 load address 0x00000000000017c8
                0x0000000000800100                PROVIDE (__data_start, .)
 *(.data)
 .data          0x0000000000800100        0x0 /usr/lib/gcc/avr/4.8.1/../../../avr/lib/avr5/crtm644p.o
 .data          0x0000000000800100        0x0 main.o
 .data          0x0000000000800100       0x49 rfm12.o
                0x0000000000800101                livectrl_cmds
 .data          0x0000000000800149        0x0 tft-cpp/ascii.o
 .data          0x0000000000800149        0x2 tft-cpp/tft.o
                0x0000000000800149                _ZN3tft4fontE
 .data          0x000000000080014b        0x0 /usr/lib/gcc/avr/4.8.1/avr5/libgcc.a(_udivmodqi4.o)
 .data          0x000000000080014b        0x0 /usr/lib/gcc/avr/4.8.1/avr5/libgcc.a(_udivmodhi4.o)
 .data          0x000000000080014b        0x0 /usr/lib/gcc/avr/4.8.1/avr5/libgcc.a(_divmodhi4.o)
 .data          0x000000000080014b        0x0 /usr/lib/gcc/avr/4.8.1/avr5/libgcc.a(_exit.o)
 .data          0x000000000080014b        0x0 /usr/lib/gcc/avr/4.8.1/avr5/libgcc.a(_copy_data.o)
 .data          0x000000000080014b        0x0 /usr/lib/gcc/avr/4.8.1/avr5/libgcc.a(_clear_bss.o)
 .data          0x000000000080014b        0x0 /usr/lib/gcc/avr/4.8.1/../../../avr/lib/avr5/libc.a(memcpy.o)
 .data          0x000000000080014b        0x0 /usr/lib/gcc/avr/4.8.1/../../../avr/lib/avr5/libc.a(fdevopen.o)
 .data          0x000000000080014b        0x0 /usr/lib/gcc/avr/4.8.1/../../../avr/lib/avr5/libc.a(fputc.o)
 .data          0x000000000080014b        0x0 /usr/lib/gcc/avr/4.8.1/../../../avr/lib/avr5/libc.a(iob.o)
 .data          0x000000000080014b        0x0 /usr/lib/gcc/avr/4.8.1/../../../avr/lib/avr5/libc.a(puts.o)
 .data          0x000000000080014b        0x0 /usr/lib/gcc/avr/4.8.1/../../../avr/lib/avr5/libc.a(calloc.o)
 .data          0x000000000080014b        0x6 /usr/lib/gcc/avr/4.8.1/../../../avr/lib/avr5/libc.a(malloc.o)
                0x000000000080014b                __malloc_heap_end
                0x000000000080014d                __malloc_heap_start
                0x000000000080014f                __malloc_margin
 .data          0x0000000000800151        0x0 /usr/lib/gcc/avr/4.8.1/../../../avr/lib/avr5/libc.a(memset.o)
 *(.data*)
 *(.rodata)
 .rodata        0x0000000000800151        0x8 tft-cpp/ascii.o
                0x0000000000800151                fonts
 *(.rodata*)
 .rodata.str1.1
                0x0000000000800159       0x86 main.o
                                         0x89 (size before relaxing)
 *(.gnu.linkonce.d*)
                0x00000000008001e0                . = ALIGN (0x2)
 *fill*         0x00000000008001df        0x1 
                0x00000000008001e0                _edata = .
                0x00000000008001e0                PROVIDE (__data_end, .)

.bss            0x00000000008001e0       0xfa
                0x00000000008001e0                PROVIDE (__bss_start, .)
 *(.bss)
 .bss           0x00000000008001e0        0x0 /usr/lib/gcc/avr/4.8.1/../../../avr/lib/avr5/crtm644p.o
 .bss           0x00000000008001e0       0x68 main.o
                0x00000000008001e0                p
                0x00000000008001e2                str
                0x0000000000800246                bufptr
 .bss           0x0000000000800248       0x76 rfm12.o
                0x0000000000800248                ctrl
                0x0000000000800256                rf_rx_buffers
                0x000000000080029a                rf_tx_buffer
 .bss           0x00000000008002be        0x0 tft-cpp/ascii.o
 .bss           0x00000000008002be       0x12 tft-cpp/tft.o
                0x00000000008002be                _ZN3tft10backgroundE
                0x00000000008002c0                _ZN3tft10foregroundE
                0x00000000008002c2                _ZN3tft6heightE
                0x00000000008002c4                _ZN3tft5widthE
                0x00000000008002c6                _ZN3tft1yE
                0x00000000008002c8                _ZN3tft1xE
                0x00000000008002ca                _ZN3tft7tabSizeE
                0x00000000008002cb                _ZN3tft6orientE
                0x00000000008002cc                _ZN3tft4zoomE
 .bss           0x00000000008002d0        0x0 /usr/lib/gcc/avr/4.8.1/avr5/libgcc.a(_udivmodqi4.o)
 .bss           0x00000000008002d0        0x0 /usr/lib/gcc/avr/4.8.1/avr5/libgcc.a(_udivmodhi4.o)
 .bss           0x00000000008002d0        0x0 /usr/lib/gcc/avr/4.8.1/avr5/libgcc.a(_divmodhi4.o)
 .bss           0x00000000008002d0        0x0 /usr/lib/gcc/avr/4.8.1/avr5/libgcc.a(_exit.o)
 .bss           0x00000000008002d0        0x0 /usr/lib/gcc/avr/4.8.1/avr5/libgcc.a(_copy_data.o)
 .bss           0x00000000008002d0        0x0 /usr/lib/gcc/avr/4.8.1/avr5/libgcc.a(_clear_bss.o)
 .bss           0x00000000008002d0        0x0 /usr/lib/gcc/avr/4.8.1/../../../avr/lib/avr5/libc.a(memcpy.o)
 .bss           0x00000000008002d0        0x0 /usr/lib/gcc/avr/4.8.1/../../../avr/lib/avr5/libc.a(fdevopen.o)
 .bss           0x00000000008002d0        0x0 /usr/lib/gcc/avr/4.8.1/../../../avr/lib/avr5/libc.a(fputc.o)
 .bss           0x00000000008002d0        0x0 /usr/lib/gcc/avr/4.8.1/../../../avr/lib/avr5/libc.a(iob.o)
 .bss           0x00000000008002d0        0x0 /usr/lib/gcc/avr/4.8.1/../../../avr/lib/avr5/libc.a(puts.o)
 .bss           0x00000000008002d0        0x0 /usr/lib/gcc/avr/4.8.1/../../../avr/lib/avr5/libc.a(calloc.o)
 .bss           0x00000000008002d0        0x0 /usr/lib/gcc/avr/4.8.1/../../../avr/lib/avr5/libc.a(malloc.o)
 .bss           0x00000000008002d0        0x0 /usr/lib/gcc/avr/4.8.1/../../../avr/lib/avr5/libc.a(memset.o)
 *(.bss*)
 *(COMMON)
 COMMON         0x00000000008002d0        0x6 /usr/lib/gcc/avr/4.8.1/../../../avr/lib/avr5/libc.a(iob.o)
                0x00000000008002d0                __iob
 COMMON         0x00000000008002d6        0x4 /usr/lib/gcc/avr/4.8.1/../../../avr/lib/avr5/libc.a(malloc.o)
                0x00000000008002d6                __brkval
                0x00000000008002d8                __flp
                0x00000000008002da                PROVIDE (__bss_end, .)
                0x00000000000017c8                __data_load_start = LOADADDR (.data)
                0x00000000000018a8                __data_load_end = (__data_load_start + SIZEOF (.data))

.noinit         0x00000000008002da        0x0
                0x00000000008002da                PROVIDE (__noinit_start, .)
 *(.noinit*)
                0x00000000008002da                PROVIDE (__noinit_end, .)
                0x00000000008002da                _end = .
                0x00000000008002da                PROVIDE (__heap_start, .)

.eeprom         0x0000000000810000        0x0
 *(.eeprom*)
                0x0000000000810000                __eeprom_end = .

.fuse
 *(.fuse)
 *(.lfuse)
 *(.hfuse)
 *(.efuse)

.lock
 *(.lock*)

.signature
 *(.signature*)

.user_signatures
 *(.user_signatures*)

.stab           0x0000000000000000     0x39f0
 *(.stab)
 .stab          0x0000000000000000      0x93c main.o
 .stab          0x000000000000093c      0xf24 rfm12.o
                                        0xf30 (size before relaxing)
 .stab          0x0000000000001860      0x4c8 tft-cpp/ascii.o
                                        0x4d4 (size before relaxing)
 .stab          0x0000000000001d28     0x1cc8 tft-cpp/tft.o
                                       0x1cd4 (size before relaxing)

.stabstr        0x0000000000000000     0x2e69
 *(.stabstr)
 .stabstr       0x0000000000000000     0x2e69 main.o

.stab.excl
 *(.stab.excl)

.stab.exclstr
 *(.stab.exclstr)

.stab.index
 *(.stab.index)

.stab.indexstr
 *(.stab.indexstr)

.comment        0x0000000000000000       0x11
 *(.comment)
 .comment       0x0000000000000000       0x11 main.o
                                         0x12 (size before relaxing)
 .comment       0x0000000000000000       0x12 rfm12.o
 .comment       0x0000000000000000       0x12 tft-cpp/ascii.o
 .comment       0x0000000000000000       0x12 tft-cpp/tft.o
 .comment       0x0000000000000000       0x12 /usr/lib/gcc/avr/4.8.1/../../../avr/lib/avr5/libc.a(fdevopen.o)
 .comment       0x0000000000000000       0x12 /usr/lib/gcc/avr/4.8.1/../../../avr/lib/avr5/libc.a(fputc.o)
 .comment       0x0000000000000000       0x12 /usr/lib/gcc/avr/4.8.1/../../../avr/lib/avr5/libc.a(iob.o)
 .comment       0x0000000000000000       0x12 /usr/lib/gcc/avr/4.8.1/../../../avr/lib/avr5/libc.a(puts.o)
 .comment       0x0000000000000000       0x12 /usr/lib/gcc/avr/4.8.1/../../../avr/lib/avr5/libc.a(calloc.o)
 .comment       0x0000000000000000       0x12 /usr/lib/gcc/avr/4.8.1/../../../avr/lib/avr5/libc.a(malloc.o)

.note.gnu.build-id
 *(.note.gnu.build-id)

.debug
 *(.debug)

.line
 *(.line)

.debug_srcinfo
 *(.debug_srcinfo)

.debug_sfnames
 *(.debug_sfnames)

.debug_aranges
 *(.debug_aranges)

.debug_pubnames
 *(.debug_pubnames)

.debug_info
 *(.debug_info .gnu.linkonce.wi.*)

.debug_abbrev
 *(.debug_abbrev)

.debug_line
 *(.debug_line .debug_line.* .debug_line_end)

.debug_frame
 *(.debug_frame)

.debug_str
 *(.debug_str)

.debug_loc
 *(.debug_loc)

.debug_macinfo
 *(.debug_macinfo)

.debug_weaknames
 *(.debug_weaknames)

.debug_funcnames
 *(.debug_funcnames)

.debug_typenames
 *(.debug_typenames)

.debug_varnames
 *(.debug_varnames)

.debug_pubtypes
 *(.debug_pubtypes)

.debug_ranges
 *(.debug_ranges)

.debug_macro
 *(.debug_macro)
OUTPUT(rfm12b.elf elf32-avr)
LOAD linker stubs
