Archive member included because of file (symbol)

/usr/local/bin/../lib/gcc/avr/4.1.1/avr5/libgcc.a(_udivmodhi4.o)
                              tft-cpp/tft.o (__udivmodhi4)
/usr/local/bin/../lib/gcc/avr/4.1.1/avr5/libgcc.a(_divmodhi4.o)
                              tft-cpp/tft.o (__divmodhi4)
/usr/local/bin/../lib/gcc/avr/4.1.1/avr5/libgcc.a(_copy_data.o)
                              main.o (__do_copy_data)
/usr/local/bin/../lib/gcc/avr/4.1.1/avr5/libgcc.a(_clear_bss.o)
                              main.o (__do_clear_bss)
/usr/local/bin/../lib/gcc/avr/4.1.1/../../../../avr/lib/avr5/libc.a(memcpy.o)
                              rfm12.o (memcpy)
/usr/local/bin/../lib/gcc/avr/4.1.1/../../../../avr/lib/avr5/libc.a(fdevopen.o)
                              tft-cpp/tft.o (fdevopen)
/usr/local/bin/../lib/gcc/avr/4.1.1/../../../../avr/lib/avr5/libc.a(fputc.o)
                              main.o (fputc)
/usr/local/bin/../lib/gcc/avr/4.1.1/../../../../avr/lib/avr5/libc.a(iob.o)
                              main.o (__iob)
/usr/local/bin/../lib/gcc/avr/4.1.1/../../../../avr/lib/avr5/libc.a(puts.o)
                              main.o (puts)
/usr/local/bin/../lib/gcc/avr/4.1.1/../../../../avr/lib/avr5/libc.a(calloc.o)
                              /usr/local/bin/../lib/gcc/avr/4.1.1/../../../../avr/lib/avr5/libc.a(fdevopen.o) (calloc)
/usr/local/bin/../lib/gcc/avr/4.1.1/../../../../avr/lib/avr5/libc.a(malloc.o)
                              /usr/local/bin/../lib/gcc/avr/4.1.1/../../../../avr/lib/avr5/libc.a(calloc.o) (malloc)
/usr/local/bin/../lib/gcc/avr/4.1.1/../../../../avr/lib/avr5/libc.a(memset.o)
                              /usr/local/bin/../lib/gcc/avr/4.1.1/../../../../avr/lib/avr5/libc.a(calloc.o) (memset)

Allocating common symbols
Common symbol       size              file

__brkval            0x2               /usr/local/bin/../lib/gcc/avr/4.1.1/../../../../avr/lib/avr5/libc.a(malloc.o)
__flp               0x2               /usr/local/bin/../lib/gcc/avr/4.1.1/../../../../avr/lib/avr5/libc.a(malloc.o)
__iob               0x6               /usr/local/bin/../lib/gcc/avr/4.1.1/../../../../avr/lib/avr5/libc.a(iob.o)

Discarded input sections

 .stabstr       0x00000000        0x0 /usr/local/bin/../lib/gcc/avr/4.1.1/../../../../avr/lib/avr5/crtm644p.o
 .stabstr       0x00000000        0x0 main.o
 .stabstr       0x00000000        0x0 rfm12.o
 .stabstr       0x00000000        0x0 tft-cpp/ascii.o
 .stabstr       0x00000000        0x0 tft-cpp/tft.o
 .stabstr       0x00000000        0x0 /usr/local/bin/../lib/gcc/avr/4.1.1/../../../../avr/lib/avr5/libc.a(memcpy.o)
 .stabstr       0x00000000        0x0 /usr/local/bin/../lib/gcc/avr/4.1.1/../../../../avr/lib/avr5/libc.a(fdevopen.o)
 .stabstr       0x00000000        0x0 /usr/local/bin/../lib/gcc/avr/4.1.1/../../../../avr/lib/avr5/libc.a(fputc.o)
 .stabstr       0x00000000        0x0 /usr/local/bin/../lib/gcc/avr/4.1.1/../../../../avr/lib/avr5/libc.a(iob.o)
 .stabstr       0x00000000        0x0 /usr/local/bin/../lib/gcc/avr/4.1.1/../../../../avr/lib/avr5/libc.a(puts.o)
 .stabstr       0x00000000        0x0 /usr/local/bin/../lib/gcc/avr/4.1.1/../../../../avr/lib/avr5/libc.a(calloc.o)
 .stabstr       0x00000000        0x0 /usr/local/bin/../lib/gcc/avr/4.1.1/../../../../avr/lib/avr5/libc.a(malloc.o)
 .stabstr       0x00000000        0x0 /usr/local/bin/../lib/gcc/avr/4.1.1/../../../../avr/lib/avr5/libc.a(memset.o)

Memory Configuration

Name             Origin             Length             Attributes
text             0x00000000         0x00020000         xr
data             0x00800060         0x0000ffa0         rw !x
eeprom           0x00810000         0x00010000         rw !x
*default*        0x00000000         0xffffffff

Linker script and memory map

Address of section .data set to 0x800100
LOAD /usr/local/bin/../lib/gcc/avr/4.1.1/../../../../avr/lib/avr5/crtm644p.o
LOAD main.o
LOAD rfm12.o
LOAD tft-cpp/ascii.o
LOAD tft-cpp/tft.o
LOAD /usr/local/bin/../lib/gcc/avr/4.1.1/avr5/libgcc.a
LOAD /usr/local/bin/../lib/gcc/avr/4.1.1/../../../../avr/lib/avr5/libm.a
LOAD /usr/local/bin/../lib/gcc/avr/4.1.1/avr5/libgcc.a
LOAD /usr/local/bin/../lib/gcc/avr/4.1.1/../../../../avr/lib/avr5/libc.a
LOAD /usr/local/bin/../lib/gcc/avr/4.1.1/avr5/libgcc.a

.hash
 *(.hash)

.dynsym
 *(.dynsym)

.dynstr
 *(.dynstr)

.gnu.version
 *(.gnu.version)

.gnu.version_d
 *(.gnu.version_d)

.gnu.version_r
 *(.gnu.version_r)

.rel.init
 *(.rel.init)

.rela.init
 *(.rela.init)

.rel.text
 *(.rel.text)
 *(.rel.text.*)
 *(.rel.gnu.linkonce.t*)

.rela.text
 *(.rela.text)
 *(.rela.text.*)
 *(.rela.gnu.linkonce.t*)

.rel.fini
 *(.rel.fini)

.rela.fini
 *(.rela.fini)

.rel.rodata
 *(.rel.rodata)
 *(.rel.rodata.*)
 *(.rel.gnu.linkonce.r*)

.rela.rodata
 *(.rela.rodata)
 *(.rela.rodata.*)
 *(.rela.gnu.linkonce.r*)

.rel.data
 *(.rel.data)
 *(.rel.data.*)
 *(.rel.gnu.linkonce.d*)

.rela.data
 *(.rela.data)
 *(.rela.data.*)
 *(.rela.gnu.linkonce.d*)

.rel.ctors
 *(.rel.ctors)

.rela.ctors
 *(.rela.ctors)

.rel.dtors
 *(.rel.dtors)

.rela.dtors
 *(.rela.dtors)

.rel.got
 *(.rel.got)

.rela.got
 *(.rela.got)

.rel.bss
 *(.rel.bss)

.rela.bss
 *(.rela.bss)

.rel.plt
 *(.rel.plt)

.rela.plt
 *(.rela.plt)

.text           0x00000000     0x17b0
 *(.vectors)
 .vectors       0x00000000       0x7c /usr/local/bin/../lib/gcc/avr/4.1.1/../../../../avr/lib/avr5/crtm644p.o
                0x00000000                __vectors
                0x00000000                __vector_default
 *(.vectors)
 *(.progmem.gcc*)
 *(.progmem*)
 .progmem.data  0x0000007c       0x18 rfm12.o
 .progmem.data  0x00000094      0x318 tft-cpp/ascii.o
                0x00000094                ascii_6x8
                0x000003ac                . = ALIGN (0x2)
                0x000003ac                __trampolines_start = .
 *(.trampolines)
 .trampolines   0x000003ac        0x0 linker stubs
 *(.trampolines*)
                0x000003ac                __trampolines_end = .
 *(.jumptables)
 *(.jumptables*)
 *(.lowtext)
 *(.lowtext*)
                0x000003ac                __ctors_start = .
 *(.ctors)
                0x000003ac                __ctors_end = .
                0x000003ac                __dtors_start = .
 *(.dtors)
                0x000003ac                __dtors_end = .
 SORT(*)(.ctors)
 SORT(*)(.dtors)
 *(.init0)
 .init0         0x000003ac        0x0 /usr/local/bin/../lib/gcc/avr/4.1.1/../../../../avr/lib/avr5/crtm644p.o
                0x000003ac                __init
 *(.init0)
 *(.init1)
 *(.init1)
 *(.init2)
 .init2         0x000003ac        0xc /usr/local/bin/../lib/gcc/avr/4.1.1/../../../../avr/lib/avr5/crtm644p.o
 *(.init2)
 *(.init3)
 *(.init3)
 *(.init4)
 .init4         0x000003b8       0x16 /usr/local/bin/../lib/gcc/avr/4.1.1/avr5/libgcc.a(_copy_data.o)
                0x000003b8                __do_copy_data
 .init4         0x000003ce       0x10 /usr/local/bin/../lib/gcc/avr/4.1.1/avr5/libgcc.a(_clear_bss.o)
                0x000003ce                __do_clear_bss
 *(.init4)
 *(.init5)
 *(.init5)
 *(.init6)
 *(.init6)
 *(.init7)
 *(.init7)
 *(.init8)
 *(.init8)
 *(.init9)
 .init9         0x000003de        0x4 /usr/local/bin/../lib/gcc/avr/4.1.1/../../../../avr/lib/avr5/crtm644p.o
 *(.init9)
 *(.text)
 .text          0x000003e2        0x4 /usr/local/bin/../lib/gcc/avr/4.1.1/../../../../avr/lib/avr5/crtm644p.o
                0x000003e2                __vector_22
                0x000003e2                __vector_28
                0x000003e2                __vector_1
                0x000003e2                __vector_24
                0x000003e2                __vector_12
                0x000003e2                __bad_interrupt
                0x000003e2                __vector_6
                0x000003e2                __vector_23
                0x000003e2                __vector_30
                0x000003e2                __vector_25
                0x000003e2                __vector_11
                0x000003e2                __vector_13
                0x000003e2                __vector_17
                0x000003e2                __vector_19
                0x000003e2                __vector_7
                0x000003e2                __vector_27
                0x000003e2                __vector_5
                0x000003e2                __vector_4
                0x000003e2                __vector_9
                0x000003e2                __vector_2
                0x000003e2                __vector_21
                0x000003e2                __vector_15
                0x000003e2                __vector_29
                0x000003e2                __vector_8
                0x000003e2                __vector_26
                0x000003e2                __vector_14
                0x000003e2                __vector_10
                0x000003e2                __vector_16
                0x000003e2                __vector_18
                0x000003e2                __vector_20
 .text          0x000003e6      0x1b0 main.o
                0x00000436                init_sys()
                0x00000498                main
                0x00000404                init()
 .text          0x00000596      0x388 rfm12.o
                0x000005dc                rfm12_livectrl
                0x00000794                rfm12_tick
                0x00000626                __vector_3
                0x00000828                rfm12_tx
                0x00000862                rfm12_rx_clear
                0x00000802                rfm12_start_tx
                0x0000087e                rfm12_init
                0x000005d2                rfm12_data_safe(unsigned int)
 .text          0x0000091e        0x0 tft-cpp/ascii.o
 .text          0x0000091e      0xa9a tft-cpp/tft.o
                0x00000a44                tft::setFont(unsigned char, unsigned char)
                0x000011f4                tft::line(unsigned int, unsigned int, unsigned int, unsigned int, unsigned int)
                0x00000e82                tft::drawImage2(unsigned char const*, unsigned int, unsigned int, unsigned int, unsigned int, bool)
                0x00000f3e                tft::drawImage2Aligned(unsigned char const*, unsigned int, unsigned int, unsigned int, unsigned int, bool)
                0x00000b74                tft::frame(unsigned int, unsigned int, unsigned int, unsigned int, unsigned char, unsigned int)
                0x0000106a                tft::newline()
                0x00000c1c                tft::setOrient(unsigned char)
                0x00000ff8                tft::fill(unsigned int)
                0x00000d8a                tft::drawChar(char)
                0x00000aa4                tft::rectangle(unsigned int, unsigned int, unsigned int, unsigned int, unsigned int)
                0x000011ca                tftout()
                0x00000c62                tft::init()
                0x00001198                tft::putString(char const*, bool)
 .text          0x000013b8        0x0 /usr/local/bin/../lib/gcc/avr/4.1.1/avr5/libgcc.a(_udivmodhi4.o)
 .text          0x000013b8        0x0 /usr/local/bin/../lib/gcc/avr/4.1.1/avr5/libgcc.a(_divmodhi4.o)
 .text          0x000013b8        0x0 /usr/local/bin/../lib/gcc/avr/4.1.1/avr5/libgcc.a(_copy_data.o)
 .text          0x000013b8        0x0 /usr/local/bin/../lib/gcc/avr/4.1.1/avr5/libgcc.a(_clear_bss.o)
 .text          0x000013b8       0x12 /usr/local/bin/../lib/gcc/avr/4.1.1/../../../../avr/lib/avr5/libc.a(memcpy.o)
                0x000013b8                memcpy
 .text          0x000013ca       0xa0 /usr/local/bin/../lib/gcc/avr/4.1.1/../../../../avr/lib/avr5/libc.a(fdevopen.o)
                0x000013ca                fdevopen
 .text          0x0000146a       0x5a /usr/local/bin/../lib/gcc/avr/4.1.1/../../../../avr/lib/avr5/libc.a(fputc.o)
                0x0000146a                fputc
 .text          0x000014c4        0x0 /usr/local/bin/../lib/gcc/avr/4.1.1/../../../../avr/lib/avr5/libc.a(iob.o)
 .text          0x000014c4       0x66 /usr/local/bin/../lib/gcc/avr/4.1.1/../../../../avr/lib/avr5/libc.a(puts.o)
                0x000014c4                puts
 .text          0x0000152a       0x38 /usr/local/bin/../lib/gcc/avr/4.1.1/../../../../avr/lib/avr5/libc.a(calloc.o)
                0x0000152a                calloc
 .text          0x00001562      0x1f2 /usr/local/bin/../lib/gcc/avr/4.1.1/../../../../avr/lib/avr5/libc.a(malloc.o)
                0x00001562                malloc
                0x000016a8                free
 .text          0x00001754        0xe /usr/local/bin/../lib/gcc/avr/4.1.1/../../../../avr/lib/avr5/libc.a(memset.o)
                0x00001754                memset
                0x00001762                . = ALIGN (0x2)
 *(.text.*)
 .text.libgcc   0x00001762       0x28 /usr/local/bin/../lib/gcc/avr/4.1.1/avr5/libgcc.a(_udivmodhi4.o)
                0x00001762                __udivmodhi4
 .text.libgcc   0x0000178a       0x26 /usr/local/bin/../lib/gcc/avr/4.1.1/avr5/libgcc.a(_divmodhi4.o)
                0x0000178a                __divmodhi4
                0x0000178a                _div
 .text.libgcc   0x000017b0        0x0 /usr/local/bin/../lib/gcc/avr/4.1.1/avr5/libgcc.a(_copy_data.o)
 .text.libgcc   0x000017b0        0x0 /usr/local/bin/../lib/gcc/avr/4.1.1/avr5/libgcc.a(_clear_bss.o)
                0x000017b0                . = ALIGN (0x2)
 *(.fini9)
 *(.fini9)
 *(.fini8)
 *(.fini8)
 *(.fini7)
 *(.fini7)
 *(.fini6)
 *(.fini6)
 *(.fini5)
 *(.fini5)
 *(.fini4)
 *(.fini4)
 *(.fini3)
 *(.fini3)
 *(.fini2)
 *(.fini2)
 *(.fini1)
 *(.fini1)
 *(.fini0)
 *(.fini0)
                0x000017b0                _etext = .

.data           0x00800100       0xe2 load address 0x000017b0
                0x00800100                PROVIDE (__data_start, .)
 *(.data)
 .data          0x00800100        0x0 /usr/local/bin/../lib/gcc/avr/4.1.1/../../../../avr/lib/avr5/crtm644p.o
 .data          0x00800100       0x89 main.o
 .data          0x00800189       0x49 rfm12.o
                0x0080018a                livectrl_cmds
 .data          0x008001d2        0x8 tft-cpp/ascii.o
                0x008001d2                fonts
 .data          0x008001da        0x2 tft-cpp/tft.o
                0x008001da                tft::font
 .data          0x008001dc        0x0 /usr/local/bin/../lib/gcc/avr/4.1.1/avr5/libgcc.a(_udivmodhi4.o)
 .data          0x008001dc        0x0 /usr/local/bin/../lib/gcc/avr/4.1.1/avr5/libgcc.a(_divmodhi4.o)
 .data          0x008001dc        0x0 /usr/local/bin/../lib/gcc/avr/4.1.1/avr5/libgcc.a(_copy_data.o)
 .data          0x008001dc        0x0 /usr/local/bin/../lib/gcc/avr/4.1.1/avr5/libgcc.a(_clear_bss.o)
 .data          0x008001dc        0x0 /usr/local/bin/../lib/gcc/avr/4.1.1/../../../../avr/lib/avr5/libc.a(memcpy.o)
 .data          0x008001dc        0x0 /usr/local/bin/../lib/gcc/avr/4.1.1/../../../../avr/lib/avr5/libc.a(fdevopen.o)
 .data          0x008001dc        0x0 /usr/local/bin/../lib/gcc/avr/4.1.1/../../../../avr/lib/avr5/libc.a(fputc.o)
 .data          0x008001dc        0x0 /usr/local/bin/../lib/gcc/avr/4.1.1/../../../../avr/lib/avr5/libc.a(iob.o)
 .data          0x008001dc        0x0 /usr/local/bin/../lib/gcc/avr/4.1.1/../../../../avr/lib/avr5/libc.a(puts.o)
 .data          0x008001dc        0x0 /usr/local/bin/../lib/gcc/avr/4.1.1/../../../../avr/lib/avr5/libc.a(calloc.o)
 .data          0x008001dc        0x6 /usr/local/bin/../lib/gcc/avr/4.1.1/../../../../avr/lib/avr5/libc.a(malloc.o)
                0x008001de                __malloc_heap_start
                0x008001e0                __malloc_heap_end
                0x008001dc                __malloc_margin
 .data          0x008001e2        0x0 /usr/local/bin/../lib/gcc/avr/4.1.1/../../../../avr/lib/avr5/libc.a(memset.o)
 *(.data*)
 *(.rodata)
 *(.rodata*)
 *(.gnu.linkonce.d*)
                0x008001e2                . = ALIGN (0x2)
                0x008001e2                _edata = .
                0x008001e2                PROVIDE (__data_end, .)

.bss            0x008001e2       0xfa
                0x008001e2                PROVIDE (__bss_start, .)
 *(.bss)
 .bss           0x008001e2        0x0 /usr/local/bin/../lib/gcc/avr/4.1.1/../../../../avr/lib/avr5/crtm644p.o
 .bss           0x008001e2       0x68 main.o
                0x008001e2                bufptr
                0x00800248                p
                0x008001e4                str
 .bss           0x0080024a       0x76 rfm12.o
                0x0080024a                ctrl
                0x00800258                rf_rx_buffers
                0x0080029c                rf_tx_buffer
 .bss           0x008002c0        0x0 tft-cpp/ascii.o
 .bss           0x008002c0       0x12 tft-cpp/tft.o
                0x008002c3                tft::x
                0x008002cd                tft::background
                0x008002c5                tft::y
                0x008002c1                tft::orient
                0x008002c2                tft::tabSize
                0x008002c0                tft::zoom
                0x008002c7                tft::width
                0x008002cb                tft::foreground
                0x008002c9                tft::height
 .bss           0x008002d2        0x0 /usr/local/bin/../lib/gcc/avr/4.1.1/avr5/libgcc.a(_udivmodhi4.o)
 .bss           0x008002d2        0x0 /usr/local/bin/../lib/gcc/avr/4.1.1/avr5/libgcc.a(_divmodhi4.o)
 .bss           0x008002d2        0x0 /usr/local/bin/../lib/gcc/avr/4.1.1/avr5/libgcc.a(_copy_data.o)
 .bss           0x008002d2        0x0 /usr/local/bin/../lib/gcc/avr/4.1.1/avr5/libgcc.a(_clear_bss.o)
 .bss           0x008002d2        0x0 /usr/local/bin/../lib/gcc/avr/4.1.1/../../../../avr/lib/avr5/libc.a(memcpy.o)
 .bss           0x008002d2        0x0 /usr/local/bin/../lib/gcc/avr/4.1.1/../../../../avr/lib/avr5/libc.a(fdevopen.o)
 .bss           0x008002d2        0x0 /usr/local/bin/../lib/gcc/avr/4.1.1/../../../../avr/lib/avr5/libc.a(fputc.o)
 .bss           0x008002d2        0x0 /usr/local/bin/../lib/gcc/avr/4.1.1/../../../../avr/lib/avr5/libc.a(iob.o)
 .bss           0x008002d2        0x0 /usr/local/bin/../lib/gcc/avr/4.1.1/../../../../avr/lib/avr5/libc.a(puts.o)
 .bss           0x008002d2        0x0 /usr/local/bin/../lib/gcc/avr/4.1.1/../../../../avr/lib/avr5/libc.a(calloc.o)
 .bss           0x008002d2        0x0 /usr/local/bin/../lib/gcc/avr/4.1.1/../../../../avr/lib/avr5/libc.a(malloc.o)
 .bss           0x008002d2        0x0 /usr/local/bin/../lib/gcc/avr/4.1.1/../../../../avr/lib/avr5/libc.a(memset.o)
 *(.bss*)
 *(COMMON)
 COMMON         0x008002d2        0x6 /usr/local/bin/../lib/gcc/avr/4.1.1/../../../../avr/lib/avr5/libc.a(iob.o)
                0x008002d2                __iob
 COMMON         0x008002d8        0x4 /usr/local/bin/../lib/gcc/avr/4.1.1/../../../../avr/lib/avr5/libc.a(malloc.o)
                0x008002d8                __brkval
                0x008002da                __flp
                0x008002dc                PROVIDE (__bss_end, .)
                0x000017b0                __data_load_start = LOADADDR (.data)
                0x00001892                __data_load_end = (__data_load_start + SIZEOF (.data))

.noinit         0x008002dc        0x0
                0x008002dc                PROVIDE (__noinit_start, .)
 *(.noinit*)
                0x008002dc                PROVIDE (__noinit_end, .)
                0x008002dc                _end = .
                0x008002dc                PROVIDE (__heap_start, .)

.eeprom         0x00810000        0x0
 *(.eeprom*)
                0x00810000                __eeprom_end = .

.stab           0x00000000     0x4980
 *(.stab)
 .stab          0x00000000      0x36c /usr/local/bin/../lib/gcc/avr/4.1.1/../../../../avr/lib/avr5/crtm644p.o
 .stab          0x0000036c      0x888 main.o
                                0x894 (size before relaxing)
 .stab          0x00000bf4      0xf24 rfm12.o
                                0xf30 (size before relaxing)
 .stab          0x00001b18      0x378 tft-cpp/ascii.o
                                0x384 (size before relaxing)
 .stab          0x00001e90     0x19b0 tft-cpp/tft.o
                               0x19bc (size before relaxing)
 .stab          0x00003840       0x84 /usr/local/bin/../lib/gcc/avr/4.1.1/../../../../avr/lib/avr5/libc.a(memcpy.o)
                                 0x90 (size before relaxing)
 .stab          0x000038c4      0x498 /usr/local/bin/../lib/gcc/avr/4.1.1/../../../../avr/lib/avr5/libc.a(fdevopen.o)
                                0x4a4 (size before relaxing)
 .stab          0x00003d5c      0x1d4 /usr/local/bin/../lib/gcc/avr/4.1.1/../../../../avr/lib/avr5/libc.a(fputc.o)
                                0x3b4 (size before relaxing)
 .stab          0x00003f30      0x12c /usr/local/bin/../lib/gcc/avr/4.1.1/../../../../avr/lib/avr5/libc.a(iob.o)
                                0x30c (size before relaxing)
 .stab          0x0000405c      0x1e0 /usr/local/bin/../lib/gcc/avr/4.1.1/../../../../avr/lib/avr5/libc.a(puts.o)
                                0x3c0 (size before relaxing)
 .stab          0x0000423c      0x1bc /usr/local/bin/../lib/gcc/avr/4.1.1/../../../../avr/lib/avr5/libc.a(calloc.o)
                                0x1f8 (size before relaxing)
 .stab          0x000043f8      0x51c /usr/local/bin/../lib/gcc/avr/4.1.1/../../../../avr/lib/avr5/libc.a(malloc.o)
                                0x6fc (size before relaxing)
 .stab          0x00004914       0x6c /usr/local/bin/../lib/gcc/avr/4.1.1/../../../../avr/lib/avr5/libc.a(memset.o)
                                 0x78 (size before relaxing)

.stabstr        0x00000000     0x4017
 *(.stabstr)
 .stabstr       0x00000000     0x4017 /usr/local/bin/../lib/gcc/avr/4.1.1/../../../../avr/lib/avr5/crtm644p.o

.stab.excl
 *(.stab.excl)

.stab.exclstr
 *(.stab.exclstr)

.stab.index
 *(.stab.index)

.stab.indexstr
 *(.stab.indexstr)

.comment        0x00000000       0x11
 *(.comment)
 .comment       0x00000000       0x11 rfm12.o
                                 0x12 (size before relaxing)

.debug
 *(.debug)

.line
 *(.line)

.debug_srcinfo
 *(.debug_srcinfo)

.debug_sfnames
 *(.debug_sfnames)

.debug_aranges
 *(.debug_aranges)

.debug_pubnames
 *(.debug_pubnames)

.debug_info
 *(.debug_info)
 *(.gnu.linkonce.wi.*)

.debug_abbrev
 *(.debug_abbrev)

.debug_line
 *(.debug_line)

.debug_frame
 *(.debug_frame)

.debug_str
 *(.debug_str)

.debug_loc
 *(.debug_loc)

.debug_macinfo
 *(.debug_macinfo)
OUTPUT(rfm12b.elf elf32-avr)
LOAD linker stubs
